WWWWWWWWWWWWWWWWWWWWWWWWWWWWWWWWWWWWWWWW
W                                      W
WX                                     W
WW                                     W
W                                     WW
W                                  W   W
W                                      W
W                                      W
W                               W      W
W                                      W
W                                      W
W          W                           W
W                            W         W
W                                      W
W                                      W
W                                      W
W                                      W
W                         W            W
W                               S      W
W                                      W
W                                      W
W                                      W
W                                      W
W                 W                    W
W               W W                    W
W             W W W                    W
W           W W W W                    W
W         W W W W W                    W
W       W W W W W W                    W
W     W W W W W W W                    W
W   W W W W W W W W                    W
WWWWWWWWWWWWWWWWWWWWWWWWWWWWWWWWWWWWWWWW