WWWWWWWWWWWWWWWWWWWWWWWWWWWWWWWWWWWWWWWW
W                                      W
WX                                     W
WW                                     W
W                                      W
W                                      W
W                                      W
W                                      W
W                                      W
W                                      W
W                                      W
W                                      W
W                                      W
W                                      W
W                                      W
W                                      W
W                                      W
W                                      W
W                                      W
W                                      W
W                                      W
W                                      W
W                                      W
W                                      W
W                                      W
W                                      W
W                                      W
W                                      W
W                                      W
W                                      W
W                                      W
WWWWWWWWWWWWWWWWWWWWWWWWWWWWWWWWWWWWWWWW